##
# Host Database
#
# localhost is used to configure the loopback interface
# when the system is booting.  Do not change this entry.
##
127.0.0.1	localhost
255.255.255.255	broadcasthost
::1             localhost

## webnull will only write below this line ##
127.0.0.1	facebook.com
127.0.0.1	www.facebook.com
::1		facebook.com
::1		www.facebook.com
